DATE: 2026-07-16
TIME: 16:09:56
run inlist_setup_header
DATE: 2026-07-16
TIME: 16:09:56
 reading user weak rate file /home/sgervais/mesa-25.12.1/data/rates_data/rate_tables/S13_r_be7_wk_li7.h5
 version_number r25.12.1
 WARNING: Failed to find colors namelist in file: inlist
 read inlist_setup
load saved model 1.1M_lgTc_7.7.mod

 change to "cno_extras_o18_to_mg26_plus_fe56.net"
 number of species          24
                                         set_tau_factor    3.0000000000000000D+01
                                        set_initial_age    0.0000000000000000D+00
                                                set_age    0.0000000000000000D+00
                                 set_initial_dt (years)    1.0000000000000000D+06
                               set_initial_model_number           0
                             set_initial_number_retries           0
 new_v_flag T
 net name cno_extras_o18_to_mg26_plus_fe56.net
 v_flag T
                                             tau_factor    3.0000000000000000D+01
 kap_option gs98
 kap_CO_option gs98_co
 kap_lowT_option lowT_fa05_gs98
                                        OMP_NUM_THREADS           8


__________________________________________________________________________________________________________________________________________________

       step    lg_Tmax     Teff     lg_LH      lg_Lnuc_tot     Mass       H_rich     H_cntr     N_cntr     Y_surf   eta_cntr   zones  retry
  lg_dt_yrs    lg_Tcntr    lg_R     lg_L3a     lg_Lneu     lg_Mdot    He_core    He_cntr    O_cntr     Z_surf   gam_cntr   iters  
    age_yrs    lg_Dcntr    lg_L     lg_LZ      lg_Lphoto   lg_Dsurf   CO_core    C_cntr     Ne_cntr    Z_cntr   v_div_cs       dt_limit
__________________________________________________________________________________________________________________________________________________

 hydro_solver_step returned ierr          -1
 s% model_number           1
 nz         716
 s% num_retries           0

 retry: get_T_tau -- L <= 0       1
                           1st model retry log10(dt/yr)    5.6989700043360187D+00
         10   7.683954  3.834E+04 -27.013128 -14.243709   1.115449   0.000000   0.000000   0.000000   1.000000 325.296482    891      1
 6.2355E+00   7.683954  -2.190996 -26.574281  -1.482537 -99.000000   1.115449   0.000000   0.400733   0.000000  64.373865      3
 8.8196E+06   7.926324  -1.092679 -14.243709 -99.000000  -2.936633   1.115442   0.038206   0.474622   1.000000 -0.124E-14  max increase
                               rel_E_err    2.6745756190454328D-09
                       log_rel_run_E_err       -2.0804231665732020


stop because star_age >= max_age
    0.1000000000E+08    0.1000000000E+08

         11   7.678547  3.812E+04 -25.978675 -14.353024   1.115449   0.000000   0.000000   0.000000   1.000000 329.428667    891      1
 6.0720E+00   7.678547  -2.191098 -26.742017  -1.523901 -99.000000   1.115449   0.000000   0.400729   0.000000  65.189356      3
 1.0000E+07   7.926499  -1.103067 -14.353024 -99.000000  -2.931110   1.115442   0.038205   0.474628   1.000000 -0.119E-14  max increase
                               rel_E_err    7.5668366559963636D-10
                       log_rel_run_E_err       -2.0804518883152472

save LOGS/profile1.data for model 11
                                         solver retries           1

                                  max increase dt limit          10
                                  max decrease dt limit           1

 model saved to ready.mod
save photos/x011 for model 11
termination code: max_age

                 runtime (minutes), retries, steps        0.09         1        11
__________________________________________________________________________________________________________________________________________________

       step    lg_Tmax     Teff     lg_LH      lg_Lnuc_tot     Mass       H_rich     H_cntr     N_cntr     Y_surf   eta_cntr   zones  retry
  lg_dt_yrs    lg_Tcntr    lg_R     lg_L3a     lg_Lneu     lg_Mdot    He_core    He_cntr    O_cntr     Z_surf   gam_cntr   iters  
    age_yrs    lg_Dcntr    lg_L     lg_LZ      lg_Lphoto   lg_Dsurf   CO_core    C_cntr     Ne_cntr    Z_cntr   v_div_cs       dt_limit
__________________________________________________________________________________________________________________________________________________

         11   7.678547  3.812E+04 -25.978675 -14.353024   1.115449   0.000000   0.000000   0.000000   1.000000 329.428667    891      1
 6.0720E+00   7.678547  -2.191098 -26.742017  -1.523901 -99.000000   1.115449   0.000000   0.400729   0.000000  65.189356      3
 1.0000E+07   7.926499  -1.103067 -14.353024 -99.000000  -2.931110   1.115442   0.038205   0.474628   1.000000 -0.119E-14  max increase
                               rel_E_err    7.5668366559963636D-10
                       log_rel_run_E_err       -2.0804518883152472

DATE: 2026-07-16
TIME: 16:10:03
finished inlist_setup_header
run inlist_wd_nova_burst_header
DATE: 2026-07-16
TIME: 16:10:03
 reading user weak rate file /home/sgervais/mesa-25.12.1/data/rates_data/rate_tables/S13_r_be7_wk_li7.h5
 version_number r25.12.1
 WARNING: Failed to find colors namelist in file: inlist
 read inlist_wd_nova_burst
load saved model ready.mod


                WARNING: changing to saved tau_factor =    3.0000000000000000D+01

                                         set_tau_factor    3.0000000000000000D+01
                                        set_initial_age    0.0000000000000000D+00
                                                set_age    0.0000000000000000D+00
                                 set_initial_dt (years)    1.0000000000000001D-05
                               set_initial_model_number           0
                             set_initial_number_retries           0
 net name cno_extras_o18_to_mg26_plus_fe56.net
 v_flag T
                                             tau_factor    3.0000000000000000D+01
                            set_cumulative_energy_error    0.0000000000000000D+00
 kap_option gs98
 kap_CO_option gs98_co
 kap_lowT_option lowT_fa05_gs98
                                        OMP_NUM_THREADS           8


__________________________________________________________________________________________________________________________________________________

       step    lg_Tmax     Teff     lg_LH      lg_Lnuc_tot     Mass       H_rich     H_cntr     N_cntr     Y_surf   eta_cntr   zones  retry
  lg_dt_yrs    lg_Tcntr    lg_R     lg_L3a     lg_Lneu     lg_Mdot    He_core    He_cntr    O_cntr     Z_surf   gam_cntr   iters  
    age_yrs    lg_Dcntr    lg_L     lg_LZ      lg_Lphoto   lg_Dsurf   CO_core    C_cntr     Ne_cntr    Z_cntr   v_div_cs       dt_limit
__________________________________________________________________________________________________________________________________________________

 hydro_solver_step returned ierr          -1
 s% model_number           1
 nz         891
 s% num_retries           0

 retry: get_T_tau -- L <= 0       1
                           1st model retry log10(dt/yr)   -5.3010299956639804D+00
save LOGS/profile1.data for model 1
 hydro_solver_step returned ierr          -1
 s% model_number           2
 nz         896
 s% num_retries           1

 retry: get_T_tau -- L <= 0       2
save LOGS/profile2.data for model 5
         10   7.678557  3.685E+04 -25.977495 -14.353030   1.115449   0.000000   0.000000   0.000000   0.999998 329.421253    931      2
-5.6393E+00   7.678557  -2.191085 -26.742027  -1.523903  -9.000000   1.115449   0.000000   0.400729   0.000000  65.187885      5
 3.6518E-05   7.926499  -1.161555 -14.353030 -99.000000  -2.910161   1.115442   0.038205   0.474628   1.000000  0.256E-05           lgL
                               rel_E_err    2.4243375581101216D-14
                       log_rel_run_E_err      -11.0287791357661540

save LOGS/profile3.data for model 10
save LOGS/profile4.data for model 15
         20   7.678561  3.704E+04 -25.975116 -14.353030   1.115449   0.000000   0.000000   0.000000   0.999995 329.418055    946      2
-5.5164E+00   7.678561  -2.191072 -26.742027  -1.523903  -9.000000   1.115449   0.000000   0.400729   0.000000  65.187253      5
 7.3735E-05   7.926499  -1.152738 -14.353030 -99.000000  -2.923421   1.115442   0.038205   0.474628   1.000000 -0.485E-06  max increase
                               rel_E_err    2.9650171574015465D-15
                       log_rel_run_E_err      -11.0217065769717877

save LOGS/profile5.data for model 20
save LOGS/profile6.data for model 25
         30   7.678564  3.526E+04 -25.971406 -14.353030   1.115449   0.000000   0.000000   0.000000   0.999993 329.416095    953      2
-5.2528E+00   7.678564  -2.191052 -26.742027  -1.523903  -9.000000   1.115449   0.000000   0.400729   0.000000  65.186865      6
 1.1980E-04   7.926499  -1.238290 -14.353030 -99.000000  -2.907589   1.115442   0.038205   0.474628   1.000000  0.787E-05  max increase
                               rel_E_err   -6.8020981846285342D-15
                       log_rel_run_E_err      -11.0148649128922855

save LOGS/profile7.data for model 30
save LOGS/profile8.data for model 35
         40   7.678558  3.711E+04 -25.966410 -14.353030   1.115449   0.000000   0.000000   0.000000   0.999988 329.420070    951      2
-4.9213E+00   7.678558  -2.190986 -26.742027  -1.523903  -9.000000   1.115449   0.000000   0.400729   0.000000  65.187651      8
 1.8922E-04   7.926499  -1.149536 -14.353030 -99.000000  -3.040055   1.115442   0.038205   0.474628   1.000000  0.168E-04  max increase
                               rel_E_err    1.0115940889961856D-14
                       log_rel_run_E_err      -11.0070040240850702

save LOGS/profile9.data for model 40
save LOGS/profile10.data for model 45
         50   7.678562  3.828E+04 -25.953275 -14.353030   1.115449   0.000000   0.000000   0.000000   0.999965 329.417265    952      2
-4.1295E+00   7.678562  -2.190881 -26.742027  -1.523903  -9.000000   1.115449   0.000000   0.400729   0.000001  65.187096      4
 5.6258E-04   7.926499  -1.095149 -14.353030 -99.000000  -3.493227   1.115442   0.038205   0.474628   1.000000  0.833E-06  max increase
                               rel_E_err   -1.5348324108893915D-14
                       log_rel_run_E_err      -10.9985650832369508

save LOGS/profile11.data for model 50
save photos/x050 for model 50
save LOGS/profile12.data for model 55
         60   7.678562  3.844E+04 -24.421095 -14.353030   1.115449   0.000000   0.000000   0.000000   0.999820 329.417123    965      2
-3.3377E+00   7.678562  -2.190750 -26.742027  -1.523903  -9.000000   1.115449   0.000000   0.400729   0.000005  65.187068      4
 2.8743E-03   7.926499  -1.087837 -14.353030 -99.000000  -3.502705   1.115442   0.038205   0.474628   1.000000  0.125E-06  max increase
                               rel_E_err    2.3196898937160743D-14
                       log_rel_run_E_err      -10.9883654071655013

save LOGS/profile13.data for model 60
save LOGS/profile14.data for model 65
         70   7.678563  3.861E+04 -21.119751 -14.353030   1.115449   0.000000   0.000000   0.000000   0.998926 329.416130   1039      2
-2.5459E+00   7.678563  -2.190553 -26.742027  -1.523903  -9.000000   1.115449   0.000000   0.400729   0.000030  65.186872      4
 1.7188E-02   7.926499  -1.079445 -14.353030 -99.000000  -3.506847   1.115442   0.038205   0.474628   1.000000 -0.128E-06  max increase
                               rel_E_err   -1.5522736882139614D-14
                       log_rel_run_E_err      -10.9807701862658789

save LOGS/profile15.data for model 70
save LOGS/profile16.data for model 75
         80   7.678562  3.880E+04 -18.011834 -14.352934   1.115449   0.000000   0.000000   0.000000   0.993224 329.416933   1057      2
-1.7541E+00   7.678562  -2.190249 -26.742027  -1.523903  -9.000000   1.115449   0.000000   0.400729   0.000188  65.187031      4
 1.0581E-01   7.926499  -1.070408 -14.353029 -99.000000  -3.511597   1.115442   0.038205   0.474628   1.000000 -0.301E-07  max increase
                               rel_E_err    5.2323832173961361D-15
                       log_rel_run_E_err      -10.9730776367651810

save LOGS/profile17.data for model 80
save LOGS/profile18.data for model 85
         90   7.678560  3.926E+04 -15.189894 -14.293996   1.115449   0.000000   0.000000   0.000000   0.958728 329.418475   1074      2
-9.6228E-01   7.678560  -2.189788 -26.742022  -1.523903  -9.000000   1.115449   0.000000   0.400729   0.001146  65.187336      4
 6.5456E-01   7.926499  -1.048863 -14.353025 -99.000000  -3.521804   1.115442   0.038205   0.474628   1.000000 -0.737E-08  max increase
                               rel_E_err    3.6103444144357883D-14
                       log_rel_run_E_err      -10.9619514548078900

save LOGS/profile19.data for model 90
save LOGS/profile20.data for model 95

__________________________________________________________________________________________________________________________________________________

       step    lg_Tmax     Teff     lg_LH      lg_Lnuc_tot     Mass       H_rich     H_cntr     N_cntr     Y_surf   eta_cntr   zones  retry
  lg_dt_yrs    lg_Tcntr    lg_R     lg_L3a     lg_Lneu     lg_Mdot    He_core    He_cntr    O_cntr     Z_surf   gam_cntr   iters  
    age_yrs    lg_Dcntr    lg_L     lg_LZ      lg_Lphoto   lg_Dsurf   CO_core    C_cntr     Ne_cntr    Z_cntr   v_div_cs       dt_limit
__________________________________________________________________________________________________________________________________________________

        100   7.678560  4.014E+04 -12.647358 -12.638887   1.115449   0.000000   0.000000   0.000000   0.747312 329.418404   1079      2
-1.7047E-01   7.678560  -2.189141 -26.741984  -1.523903  -9.000000   1.115449   0.000000   0.400729   0.007019  65.187321      4
 4.0522E+00   7.926499  -1.009300 -14.352998 -99.000000  -3.539228   1.115442   0.038205   0.474628   1.000000 -0.167E-08  max increase
                               rel_E_err    6.7323329983733957D-14
                       log_rel_run_E_err      -10.9453279970911215

save LOGS/profile21.data for model 100
save photos/x100 for model 100
save LOGS/profile22.data for model 105
        110   7.678562  4.127E+04 -10.258997 -10.258962   1.115449   0.000000   0.000000   0.000000   0.280000 329.417104   1079      2
 6.2134E-01   7.678562  -2.188256 -26.741721  -1.523903  -9.000000   1.115449   0.000000   0.400729   0.020000  65.187063      4
 2.5090E+01   7.926499  -0.959427 -14.352902 -99.000000  -3.560440   1.115442   0.038205   0.474628   1.000000 -0.377E-09  max increase
                               rel_E_err   -5.6684147540330919D-13
                       log_rel_run_E_err      -10.8884101657874410

save LOGS/profile23.data for model 110
save LOGS/profile24.data for model 115
        120   7.678554  4.271E+04  -7.953565  -7.953565   1.115449   0.000000   0.000000   0.000000   0.280000 329.423708   1095      2
 1.4132E+00   7.678554  -2.187016 -26.740180  -1.523903  -9.000000   1.115449   0.000000   0.400729   0.020000  65.188364      4
 1.5535E+02   7.926500  -0.897033 -14.352588 -99.000000  -3.586301   1.115442   0.038205   0.474628   1.000000 -0.830E-10  max increase
                               rel_E_err   -1.1124739513972832D-11
                       log_rel_run_E_err      -10.2464784104300790

save LOGS/profile25.data for model 120
save LOGS/profile26.data for model 125
        130   7.678545  4.424E+04  -5.728216  -5.728216   1.115450   0.000001   0.000000   0.000000   0.280000 329.430908   1122      2
 2.2050E+00   7.678545  -2.185219 -26.730675  -1.523904  -9.000000   1.115449   0.000000   0.400729   0.020000  65.189749      4
 9.6188E+02   7.926502  -0.832491 -14.350531 -99.000000  -3.614079   1.115442   0.038205   0.474628   1.000000 -0.189E-10  max increase
                               rel_E_err   -1.9334981529510786D-10
                       log_rel_run_E_err       -9.0100438113368053

save LOGS/profile27.data for model 130
save LOGS/profile28.data for model 135
        140   7.678530  4.580E+04  -3.129583  -3.129583   1.115455   0.000006   0.000000   0.000000   0.280000 329.448420   1154      2
 2.9968E+00   7.678530  -2.182400 -26.669026  -1.523033  -9.000000   1.115449   0.000000   0.400729   0.020000  65.192973      4
 5.9557E+03   7.926520  -0.766548 -11.702632 -99.000000  -3.645482   1.115442   0.038205   0.474628   1.000000 -0.465E-11  max increase
                               rel_E_err   -2.3402268808535313D-09
                       log_rel_run_E_err       -7.9527895527953314

save LOGS/profile29.data for model 140
 retry: check_lgL_nuc_change hard limit     141
save LOGS/profile30.data for model 145
        150   7.678520  4.680E+04  -2.136548  -2.136548   1.115458   0.000009   0.000000   0.000000   0.280000 329.460178   1227      3
 2.2669E+00   7.678520  -2.181307 -26.628784  -1.514854  -9.000000   1.115449   0.000000   0.400729   0.020000  65.195133      4
 9.4154E+03   7.926532  -0.726932 -10.304202 -99.000000  -3.661980   1.115442   0.038205   0.474628   1.000000 -0.229E-10          Lnuc
                               rel_E_err   -3.4929663973422418D-10
                       log_rel_run_E_err       -7.7222081587948974

save LOGS/profile31.data for model 150
save photos/x150 for model 150
save LOGS/profile32.data for model 155
        160   7.678517  4.737E+04  -1.766010  -1.766010   1.115459   0.000011   0.000000   0.000000   0.280000 329.463764   1236      3
 2.0895E+00   7.678517  -2.180883 -26.613711  -1.505185  -9.000000   1.115449   0.000000   0.400729   0.020000  65.195773      4
 1.0854E+04   7.926537  -0.704961  -9.828441 -99.000000  -3.670406   1.115442   0.038205   0.474628   1.000000 -0.319E-10          Lnuc
                               rel_E_err   -2.0789804808013900D-10
                       log_rel_run_E_err       -7.6674076059868232

save LOGS/profile33.data for model 160
save LOGS/profile34.data for model 165
        170   7.678513  4.802E+04  -1.494002  -1.494002   1.115461   0.000012   0.000000   0.000000   0.280000 329.468037   1246      3
 2.0158E+00   7.678513  -2.180522 -26.602944  -1.492846  -9.000000   1.115449   0.000000   0.400729   0.020000  65.196565      4
 1.1962E+04   7.926541  -0.680514  -9.451357 -99.000000  -3.679326   1.115442   0.038205   0.474628   1.000000 -0.361E-10          Lnuc
                               rel_E_err   -1.6860073474553095D-10
                       log_rel_run_E_err       -7.6313565575170728

save LOGS/profile35.data for model 170
save LOGS/profile36.data for model 175
        180   7.678510  4.889E+04  -1.275069  -1.275069   1.115462   0.000013   0.000000   0.000000   0.280000 329.471506   1263      3
 1.9926E+00   7.678510  -2.180140 -26.593889  -1.477235  -9.000000   1.115449   0.000000   0.400729   0.020000  65.197204      4
 1.2960E+04   7.926545  -0.648609  -9.088956 -99.000000  -3.690556   1.115442   0.038205   0.474628   1.000000 -0.380E-10          Lnuc
                               rel_E_err   -1.6055698840678740D-10
                       log_rel_run_E_err       -7.6016941308747610

save LOGS/profile37.data for model 180
save LOGS/profile38.data for model 185
        190   7.678505  5.067E+04  -1.070547  -1.070547   1.115463   0.000015   0.000000   0.000000   0.280000 329.477108   1271      3
 2.4404E+00   7.678505  -2.179457 -26.580233  -1.455418  -9.000000   1.115449   0.000000   0.400729   0.020000  65.198234      4
 1.4610E+04   7.926550  -0.585136  -8.536135 -99.000000  -3.712355   1.115442   0.038205   0.474628   1.000000 -0.159E-10  max increase
                               rel_E_err   -6.1443869229564867D-10
                       log_rel_run_E_err       -7.5501273549126173

save LOGS/profile39.data for model 190
save LOGS/profile40.data for model 195

__________________________________________________________________________________________________________________________________________________

       step    lg_Tmax     Teff     lg_LH      lg_Lnuc_tot     Mass       H_rich     H_cntr     N_cntr     Y_surf   eta_cntr   zones  retry
  lg_dt_yrs    lg_Tcntr    lg_R     lg_L3a     lg_Lneu     lg_Mdot    He_core    He_cntr    O_cntr     Z_surf   gam_cntr   iters  
    age_yrs    lg_Dcntr    lg_L     lg_LZ      lg_Lphoto   lg_Dsurf   CO_core    C_cntr     Ne_cntr    Z_cntr   v_div_cs       dt_limit
__________________________________________________________________________________________________________________________________________________

        200   7.678483  5.319E+04  -0.853814  -0.853814   1.115471   0.000022   0.000000   0.000000   0.280000 329.502338   1270      3
 2.9974E+00   7.678483  -2.177800 -26.530739  -1.411808  -9.000000   1.115449   0.000000   0.400729   0.020000  65.202866      5
 2.2139E+04   7.926577  -0.497625  -7.252729 -99.000000  -3.744534   1.115442   0.038205   0.474628   1.000000 -0.508E-11          Lnuc
                               rel_E_err   -3.0184902731643308D-09
                       log_rel_run_E_err       -7.2953869806103393

save LOGS/profile41.data for model 200
save photos/x200 for model 200
                      residual_norm > tol_residual_norm         203    1.3817915036710231D-05    9.9999999999999995D-07
                        max_residual > tol_max_residual         203    6.5532497260176556D-02    1.0000000000000000D-04
            correction_norm > tol_correction_norm*coeff         203    4.7965303468365363D-03    3.0000000000000001D-06    1.0000000000000001D-01
          max_abs_correction > tol_max_correction*coeff         203    1.8677744654697181D-01    3.0000000000000003D-04    1.0000000000000001D-01
                            solver rejected trial model
                                        s% model_number         203
                                  s% solver_call_number         206
                                                     nz        1282
                                         s% num_retries           3
                                                     dt    1.8659607126698345D+10
                                          log dt/secyer    2.7717985284612023D+00

 retry: avg+max corr+resid -- give up in solver     203
 retry: check_lgL_nuc_change hard limit     204
save LOGS/profile42.data for model 205
                      residual_norm > tol_residual_norm         208    6.6093464330085641D-06    9.9999999999999995D-07
                        max_residual > tol_max_residual         208    3.8786306711906172D-02    1.0000000000000000D-04
            correction_norm > tol_correction_norm*coeff         208    2.5891520111463386D-03    3.0000000000000001D-06    1.0000000000000001D-01
          max_abs_correction > tol_max_correction*coeff         208    6.3935137234632400D-02    3.0000000000000003D-04    1.0000000000000001D-01
                            solver rejected trial model
                                        s% model_number         208
                                  s% solver_call_number         213
                                                     nz        1319
                                         s% num_retries           5
                                                     dt    2.5669050766846533D+09
                                          log dt/secyer    1.9103058418143857D+00

 retry: avg+max corr+resid -- give up in solver     208
        210   7.678475  6.172E+04   0.299703   0.299703   1.115473   0.000025   0.000000   0.000000   0.280000 329.511147   1325      6
 1.5041E+00   7.678475  -2.175293 -26.518271  -0.764260  -9.000000   1.115449   0.000000   0.400729   0.020000  65.204494      4
 2.4658E+04   7.926585  -0.234220  -5.403381 -99.000000  -3.829473   1.115442   0.038205   0.474628   1.000000 -0.680E-10          Lnuc
                               rel_E_err   -3.4502400860211408D-11
                       log_rel_run_E_err       -7.2466503933190509

save LOGS/profile43.data for model 210
 hydro_solver_step returned ierr          -1
 s% model_number         211
 nz        1337
 s% num_retries           6

 retry: some xa < min_xa_hard_limit     211
                        max_residual > tol_max_residual         215    3.6054510794652252D-03    1.0000000000000000D-04
            correction_norm > tol_correction_norm*coeff         215    9.9286306388345614D-05    3.0000000000000001D-06    1.0000000000000001D-01
          max_abs_correction > tol_max_correction*coeff         215    2.6240756389952417D-03    3.0000000000000003D-04    1.0000000000000001D-01
                            solver rejected trial model
                                        s% model_number         215
                                  s% solver_call_number         222
                                                     nz        1352
                                         s% num_retries           7
                                                     dt    2.0588011498318103D+08
                                          log dt/secyer    8.1451043504461929D-01

 retry: avg+max corr+resid -- give up in solver     215
save LOGS/profile44.data for model 215
        220   7.678474  6.315E+04   1.536325   1.536327   1.115473   0.000025   0.000000   0.000000   0.280000 329.513443   1373      8
 1.0303E-01   7.678472  -2.174403 -26.501817   0.390883  -9.000000   1.115449   0.000000   0.400729   0.020000  65.204951      5
 2.4715E+04   7.926585  -0.192647  -3.788824 -99.000000  -3.843979   1.115442   0.038205   0.474628   1.000000 -0.110E-08          Lnuc
                               rel_E_err   -1.3678252257643657D-12
                       log_rel_run_E_err       -7.2462120279807349

save LOGS/profile45.data for model 220
 retry: check_lgL_nuc_change hard limit     225
save LOGS/profile46.data for model 225
        230   7.678474  6.297E+04   2.809712   2.809714   1.115473   0.000025   0.000000   0.000000   0.280000 329.512542   1324      9
-1.0620E+00   7.678473  -2.173136 -23.852072   1.652602  -9.000000   1.115449   0.000000   0.400729   0.020000  65.204779      5
 2.4719E+04   7.926585  -0.195059  -2.415084 -82.106574  -3.847822   1.115442   0.038205   0.474628   1.000000 -0.444E-08          Lnuc
                               rel_E_err   -7.1940335830896196D-13
                       log_rel_run_E_err       -7.2461372508037476

save LOGS/profile47.data for model 230
save LOGS/profile48.data for model 235
        240   7.683155  6.226E+04   3.828333   3.828339   1.115473   0.000025   0.000000   0.000000   0.280000 329.510977   1281      9
-1.7481E+00   7.678474  -2.170585 -19.926130   2.680485  -9.000000   1.115449   0.000000   0.400729   0.020000  65.204481      5
 2.4719E+04   7.926584  -0.209507  -0.979224 -64.559309  -3.852969   1.115442   0.038205   0.474628   1.000000  0.628E-07          Lnuc
                               rel_E_err   -3.7028796748733063D-12
                       log_rel_run_E_err       -7.2459976456399326

save LOGS/profile49.data for model 240
 retry: check_lgL_nuc_change hard limit     244
save LOGS/profile50.data for model 245
        250   7.795409  6.083E+04   5.084029   5.084043   1.115473   0.000025   0.000000   0.000000   0.280000 329.511638   1280     10
-2.8792E+00   7.678473  -2.165622 -16.136305   3.936546  -9.000000   1.115449   0.000000   0.400729   0.020000  65.204630      6
 2.4720E+04   7.926582  -0.240077   0.615329 -47.333865  -3.862277   1.115442   0.038205   0.474628   1.000000  0.197E-05          Lnuc
                               rel_E_err   -1.9572502163464260D-11
                       log_rel_run_E_err       -7.2449929539335205

save LOGS/profile51.data for model 250
save photos/x250 for model 250
save LOGS/profile52.data for model 255
 retry: check_lgL_nuc_change hard limit     256
        260   7.915697  5.858E+04   6.321156   6.321187   1.115473   0.000025   0.000000   0.000000   0.280000 329.514598   1260     11
-4.0052E+00   7.678468  -2.157294 -12.123794   5.183144  -9.000000   1.115449   0.000000   0.400729   0.020000  65.205243      5
 2.4720E+04   7.926580  -0.288815   2.177721 -32.671933  -3.878474   1.115442   0.038205   0.474628   1.000000  0.455E-04          Lnuc
                               rel_E_err    1.4402050218159260D-11
                       log_rel_run_E_err       -7.2430162158194529

save LOGS/profile53.data for model 260
save LOGS/profile54.data for model 265
        270   8.041484  5.531E+04   7.397882   7.397954   1.115473   0.000025   0.000000   0.000000   0.280000 329.515052   1284     11
-4.8019E+00   7.678466  -2.143810  -7.257427   6.324338  -9.000000   1.115449   0.000000   0.400729   0.020000  65.205372     10
 2.4720E+04   7.926578  -0.361624   3.617421 -20.871552  -3.906092   1.115442   0.038205   0.474628   1.000000  0.621E-03          Lnuc
                               rel_E_err   -3.7218143090642357D-11
                       log_rel_run_E_err       -7.2419556808093413

save LOGS/profile55.data for model 270
save LOGS/profile56.data for model 275
        280   8.163824  4.950E+04   8.342309   8.342468   1.115473   0.000025   0.000000   0.000000   0.284473 329.525851   1339     11
-5.5128E+00   7.678450  -2.118285  -3.802777   7.363621  -9.000000   1.115449   0.000000   0.400729   0.020138  65.207573     12
 2.4720E+04   7.926573  -0.503427   4.904187 -11.543336  -3.956347   1.115442   0.038205   0.474628   1.000000  0.642E-02          Lnuc
                               rel_E_err   -1.7428247318095834D-10
                       log_rel_run_E_err       -7.2337645718330261

save LOGS/profile57.data for model 280
save LOGS/profile58.data for model 285
        290   8.235962  4.180E+04   8.741831   8.742138   1.115473   0.000025   0.000000   0.000000   0.287960 329.508301   1408     11
-5.7381E+00   7.678471  -2.079214  -2.293972   7.833116  -9.000000   1.115449   0.000000   0.400729   0.020119  65.204184     12
 2.4720E+04   7.926567  -0.719066   5.591272  -6.731500  -4.031094   1.115442   0.038205   0.474628   1.000000  0.207E-01  max increase
                               rel_E_err   -2.4831883370410996D-10
                       log_rel_run_E_err       -7.2206180682539518

save LOGS/profile59.data for model 290
save LOGS/profile60.data for model 295
 hydro_solver_step returned ierr          -1
 s% model_number         297
 nz        1441
 s% num_retries          11

 retry: get_T_tau -- L <= 0     297
 hydro_solver_step returned ierr          -1
 s% model_number         299
 nz        1423
 s% num_retries          12

 retry: get_T_tau -- L <= 0     299

__________________________________________________________________________________________________________________________________________________

       step    lg_Tmax     Teff     lg_LH      lg_Lnuc_tot     Mass       H_rich     H_cntr     N_cntr     Y_surf   eta_cntr   zones  retry
  lg_dt_yrs    lg_Tcntr    lg_R     lg_L3a     lg_Lneu     lg_Mdot    He_core    He_cntr    O_cntr     Z_surf   gam_cntr   iters  
    age_yrs    lg_Dcntr    lg_L     lg_LZ      lg_Lphoto   lg_Dsurf   CO_core    C_cntr     Ne_cntr    Z_cntr   v_div_cs       dt_limit
__________________________________________________________________________________________________________________________________________________

        300   8.283562  1.050E+05   8.844867   8.845284   1.115473   0.000025   0.000000   0.000000   0.294000 329.503493   1422     13
-6.3376E+00   7.678473  -2.004602  -1.651260   7.967208  -9.000000   1.115449   0.000000   0.400729   0.019873  65.203357      6
 2.4720E+04   7.926558   1.030689   5.827443  -4.613419  -4.538009   1.115442   0.038205   0.474628   1.000000  0.276E-01           lgL
                               rel_E_err   -1.7096806652222266D-12
                       log_rel_run_E_err       -7.1869069429438861

save LOGS/profile61.data for model 300
save photos/x300 for model 300
save LOGS/profile62.data for model 305
        310   8.286276  1.644E+05   8.847442   8.847854   1.115473   0.000025   0.000000   0.000000   0.294713 329.502772   1439     13
-6.7132E+00   7.678474  -1.994604  -1.632342   7.970325  -9.000000   1.115449   0.000000   0.400729   0.019838  65.203229      5
 2.4720E+04   7.926557   1.828647   5.824886  -4.552404  -4.542459   1.115442   0.038205   0.474628   1.000000  0.242E-01           lgL
                               rel_E_err   -6.3831850961480306D-14
                       log_rel_run_E_err       -7.1868945057487235

save LOGS/profile63.data for model 310
save LOGS/profile64.data for model 315
        320   8.288699  2.221E+05   8.848804   8.849208   1.115473   0.000025   0.000000   0.000000   0.295570 329.501983   1444     13
-6.5565E+00   7.678474  -1.983993  -1.619911   7.972566  -9.000000   1.115449   0.000000   0.400729   0.019797  65.203088     10
 2.4720E+04   7.926555   2.372964   5.817993  -4.514162  -4.451581   1.115442   0.038205   0.474628   1.000000  0.223E-01           lgL
                               rel_E_err   -2.2655094430441580D-13
                       log_rel_run_E_err       -7.1868834671959867

save LOGS/profile65.data for model 320
save LOGS/profile66.data for model 325
        330   8.292570  2.948E+05   8.847533   8.847913   1.115473   0.000025   0.000000   0.000000   0.297076 329.500024   1448     13
-6.0874E+00   7.678476  -1.959944  -1.615249   7.973108  -9.000000   1.115449   0.000000   0.400729   0.019731  65.202733      5
 2.4720E+04   7.926553   2.913130   5.789260  -4.501154  -4.302027   1.115442   0.038205   0.474628   1.000000  0.214E-01           lgL
                               rel_E_err   -5.4307801297808169D-12
                       log_rel_run_E_err       -7.1867452714240985

save LOGS/profile67.data for model 330
save LOGS/profile68.data for model 335
        340   8.295855  3.821E+05   8.836704   8.837034   1.115473   0.000025   0.000000   0.000000   0.299126 329.498174   1465     13
-5.9900E+00   7.678477  -1.921490  -1.658034   7.963670  -9.000000   1.115449   0.000000   0.400729   0.019657  65.202415      5
 2.4720E+04   7.926550   3.440413   5.717696  -4.632923  -4.172022   1.115442   0.038205   0.474628   1.000000  0.214E-01           lgL
                               rel_E_err   -5.6774044311790304D-12
                       log_rel_run_E_err       -7.1864683401400127

save LOGS/profile69.data for model 340
save LOGS/profile70.data for model 345
        350   8.294019  4.535E+05   8.780540   8.780747   1.115473   0.000025   0.000000   0.000000   0.303452 329.496232   1483     13
-5.5282E+00   7.678476  -1.821599  -1.921772   7.905191  -9.000000   1.115449   0.000000   0.400729   0.019533  65.202140      5
 2.4720E+04   7.926542   3.937890   5.457782  -5.351284  -4.153557   1.115442   0.038205   0.474628   1.000000  0.251E-01           lgL
                               rel_E_err   -6.9980453502275863D-12
                       log_rel_run_E_err       -7.1855073148076007

save LOGS/profile71.data for model 350
save photos/x350 for model 350
                                             num_bursts           1
save LOGS/profile72.data for model 355
        360   8.252897  3.772E+05   8.339572   8.339622   1.115473   0.000025   0.000000   0.000000   0.311606 329.499436   1496     13
-4.8919E+00   7.678464  -1.478592  -3.241955   7.398366  -9.000000   1.115449   0.000000   0.400729   0.019291  65.203012     10
 2.4720E+04   7.926524   4.303593   4.397579  -8.720922  -4.513529   1.115442   0.038205   0.474628   1.000000  0.391E-01    varcontrol
                               rel_E_err    3.5401372834567840D-10
                       log_rel_run_E_err       -7.1668572655135394

save LOGS/profile73.data for model 360
save LOGS/profile74.data for model 365
        370   8.197969  2.526E+05   7.465400   7.465427   1.115473   0.000025   0.000000   0.000000   0.312387 329.499864   1517     13
-4.3934E+00   7.678460  -1.083266  -4.782911   6.368426  -9.000000   1.115449   0.000000   0.400729   0.019274  65.203227      5
 2.4720E+04   7.926515   4.397833   3.251503 -12.687807  -5.095938   1.115442   0.038205   0.474628   1.000000  0.318E-01    varcontrol
                               rel_E_err   -5.6771265117859131D-11
                       log_rel_run_E_err       -7.1603881700382308

save LOGS/profile75.data for model 370
save LOGS/profile76.data for model 375
                       super eddington wind: lg_Mdot, L/Ledd         380 -5.3005E+00  1.0392E+00
        380   8.150890  1.718E+05   6.533125   6.533153   1.115473   0.000025   0.000000   0.000000   0.316808 329.499913   1510     13
-3.7112E+00   7.678458  -0.729516  -6.037924   5.384384  -5.300544   1.115449   0.000000   0.400729   0.019167  65.203296      6
 2.4720E+04   7.926510   4.435348   2.342755 -16.034244  -5.634633   1.115442   0.038205   0.474628   1.000000  0.223E-01    varcontrol
                               rel_E_err   -2.0209240020174437D-10
                       log_rel_run_E_err       -7.1519540151302561

save LOGS/profile77.data for model 380
save LOGS/profile78.data for model 385
                       super eddington wind: lg_Mdot, L/Ledd         390 -3.9337E+00  1.6836E+00
        390   8.110932  1.214E+05   5.797926   5.797954   1.115473   0.000024   0.000000   0.000000   0.331394 329.499721   1536     13
-3.2184E+00   7.678457  -0.420657  -7.025346   4.640000  -3.933691   1.115449   0.000000   0.400729   0.019281  65.203291      8
 2.4720E+04   7.926508   4.450410   1.601494 -19.034440  -6.088809   1.115442   0.038205   0.474628   1.000000  0.259E-01    varcontrol
                               rel_E_err   -4.4796306860718806D-10
                       log_rel_run_E_err       -7.1334752417654581

save LOGS/profile79.data for model 390
save LOGS/profile80.data for model 395
                       super eddington wind: lg_Mdot, L/Ledd         400 -3.5108E+00  3.1305E+00
                            solver rejected trial model
                                        s% model_number         400
                                  s% solver_call_number         413
                                                     nz        1615
                                         s% num_retries          13
                                                     dt    4.1203670101864038D+04
                                          log dt/secyer   -2.8841680657608513D+00

 retry: avg corr too large -- give up in solver     400
                       super eddington wind: lg_Mdot, L/Ledd         400 -3.5108E+00  3.1305E+00

__________________________________________________________________________________________________________________________________________________

       step    lg_Tmax     Teff     lg_LH      lg_Lnuc_tot     Mass       H_rich     H_cntr     N_cntr     Y_surf   eta_cntr   zones  retry
  lg_dt_yrs    lg_Tcntr    lg_R     lg_L3a     lg_Lneu     lg_Mdot    He_core    He_cntr    O_cntr     Z_surf   gam_cntr   iters  
    age_yrs    lg_Dcntr    lg_L     lg_LZ      lg_Lphoto   lg_Dsurf   CO_core    C_cntr     Ne_cntr    Z_cntr   v_div_cs       dt_limit
__________________________________________________________________________________________________________________________________________________

        400   8.080215  9.902E+04   5.297514   5.297539   1.115471   0.000022   0.000000   0.000000   0.333870 329.499287   1615     14
-3.1852E+00   7.678457  -0.246357  -7.698644   4.136867  -3.510796   1.115449   0.000000   0.400729   0.019367  65.203224      6
 2.4720E+04   7.926507   4.444895   1.058470 -21.432020  -6.355274   1.115442   0.038205   0.474628   1.000000  0.295E-01         retry
                               rel_E_err   -4.1826730254625322D-10
                       log_rel_run_E_err       -7.0934668587187808

save LOGS/profile81.data for model 400
save photos/x400 for model 400
                            solver rejected trial model
                                        s% model_number         405
                                  s% solver_call_number         419
                                                     nz        1657
                                         s% num_retries          14
                                                     dt    4.2719965161612636D+04
                                          log dt/secyer   -2.8684730772343334D+00

 retry: avg corr too large -- give up in solver     405
save LOGS/profile82.data for model 405
                       super eddington wind: lg_Mdot, L/Ledd         410 -3.4520E+00  3.4512E+00
                            solver rejected trial model
                                        s% model_number         410
                                  s% solver_call_number         425
                                                     nz        1654
                                         s% num_retries          15
                                                     dt    4.4006631920355481D+04
                                          log dt/secyer   -2.8555858362950310D+00

 retry: avg corr too large -- give up in solver     410
                       super eddington wind: lg_Mdot, L/Ledd         410 -3.4520E+00  3.4512E+00
        410   8.065117  1.014E+05   5.072800   5.072823   1.115468   0.000020   0.000000   0.000000   0.334472 329.499341   1654     16
-3.1566E+00   7.678457  -0.265434  -8.026621   3.911112  -3.451950   1.115449   0.000000   0.400729   0.019378  65.203243      5
 2.4720E+04   7.926506   4.447980   0.803609 -22.667159  -6.324270   1.115442   0.038205   0.474628   1.000000  0.561E-02         retry
                               rel_E_err   -4.4984638647813415D-10
                       log_rel_run_E_err       -7.0629896202074667

save LOGS/profile83.data for model 410
save LOGS/profile84.data for model 415
                       super eddington wind: lg_Mdot, L/Ledd         420 -3.5060E+00  3.0519E+00
        420   8.049637  1.170E+05   4.864144   4.864165   1.115464   0.000016   0.000000   0.000000   0.334962 329.499201   1619     16
-2.7026E+00   7.678457  -0.380393  -8.386920   3.701560  -3.506047   1.115449   0.000000   0.400729   0.019386  65.203222      8
 2.4720E+04   7.926506   4.466573   0.560690 -23.979797  -6.137008   1.115442   0.038205   0.474628   1.000000 -0.660E-02    varcontrol
                               rel_E_err   -1.5045819998614888D-09
                       log_rel_run_E_err       -7.0181676759861862

save LOGS/profile85.data for model 420
                            solver rejected trial model
                                        s% model_number         424
                                  s% solver_call_number         440
                                                     nz        1638
                                         s% num_retries          16
                                                     dt    9.6017899391433428D+04
                                          log dt/secyer   -2.5167517665215260D+00

 retry: avg corr too large -- give up in solver     424
save LOGS/profile86.data for model 425
                       super eddington wind: lg_Mdot, L/Ledd         430 -3.8640E+00  1.7466E+00
        430   8.033527  1.348E+05   4.683497   4.683517   1.115460   0.000011   0.000000   0.000000   0.335338 329.500175   1610     17
-2.4219E+00   7.678455  -0.481844  -8.801200   3.520189  -3.863990   1.115449   0.000000   0.400729   0.019391  65.203421     12
 2.4720E+04   7.926505   4.509807   0.342177 -25.356130  -5.950293   1.115442   0.038205   0.474628   1.000000  0.165E-02  max increase
                               rel_E_err   -1.9008745975495280D-09
                       log_rel_run_E_err       -6.9634857035128590

save LOGS/profile87.data for model 430
 hydro_solver_step returned ierr          -1
 s% model_number         431
 nz        1621
 s% num_retries          17

 retry:  logT > hydro_mtx_max_allowed_logT        1182     431
save LOGS/profile88.data for model 435
                       super eddington wind: lg_Mdot, L/Ledd         440 -4.2558E+00  1.3385E+00
                            solver rejected trial model
                                        s% model_number         440
                                  s% solver_call_number         458
                                                     nz        1661
                                         s% num_retries          18
                                                     dt    3.0671629152509419D+05
                                          log dt/secyer   -2.0123671225290845D+00

 retry: max residual jumped -- give up in solver     440
                       super eddington wind: lg_Mdot, L/Ledd         440 -4.2558E+00  1.3385E+00
        440   8.016860  1.659E+05   4.561745   4.561763   1.115456   0.000008   0.000000   0.000000   0.335555 329.499151   1661     19
-2.3134E+00   7.678456  -0.651296  -9.253611   3.397913  -4.255774   1.115449   0.000000   0.400729   0.019394  65.203223      6
 2.4720E+04   7.926505   4.531029   0.181193 -26.756110  -5.673872   1.115442   0.038205   0.474628   1.000000  0.119E-02         retry
                               rel_E_err   -1.4849007003656725D-09
                       log_rel_run_E_err       -6.8993206216042768

save LOGS/profile89.data for model 440
save LOGS/profile90.data for model 445
                       super eddington wind: lg_Mdot, L/Ledd         450 -4.6223E+00  1.1994E+00
        450   8.002560  2.237E+05   4.525137   4.525153   1.115453   0.000004   0.000000   0.000000   0.335772 329.499944   1905     19
-1.8167E+00   7.678455  -0.896052  -9.657869   3.360889  -4.622277   1.115449   0.000000   0.400729   0.019399  65.203382      7
 2.4720E+04   7.926505   4.561045   0.105846 -27.949732  -5.269539   1.115442   0.038205   0.474628   1.000000  0.687E-04    varcontrol
                               rel_E_err   -3.3748530865465219D-09
                       log_rel_run_E_err       -6.8162379264369708

save LOGS/profile91.data for model 450
save photos/x450 for model 450
save LOGS/profile92.data for model 455
                       super eddington wind: lg_Mdot, L/Ledd         460 -5.4719E+00  1.1890E+00
        460   7.989791  6.081E+05   4.480312   4.480327   1.115450   0.000002   0.000000   0.000000   0.335829 329.498998   1796     19
-1.5896E+00   7.678457  -1.770858 -10.027745   3.315396  -5.471858   1.115449   0.000000   0.400729   0.019405  65.203197      6
 2.4720E+04   7.926504   4.549007   0.017446 -29.100731  -3.935862   1.115442   0.038205   0.474628   1.000000 -0.533E-05    varcontrol
                               rel_E_err   -1.3696186683173599D-10
                       log_rel_run_E_err       -6.7784057772344708

save LOGS/profile93.data for model 460
save LOGS/profile94.data for model 465
        470   7.895814  6.142E+05   3.500650   3.500657   1.115450   0.000001   0.000000   0.000000   0.333353 329.499118   1796     19
-1.0956E+00   7.678457  -2.113312 -14.267737   2.333099  -9.000000   1.115449   0.000000   0.400729   0.019437  65.203208     11
 2.4721E+04   7.926505   3.881402  -1.331306 -43.316258  -3.716111   1.115442   0.038205   0.474628   1.000000 -0.811E-06           lgL
                               rel_E_err    3.4796499851876582D-09
                       log_rel_run_E_err       -6.7583763980398288

save LOGS/profile95.data for model 470
save LOGS/profile96.data for model 475
        480   7.831403  3.771E+05   1.501652   1.501654   1.115450   0.000001   0.000000   0.000000   0.331532 329.498689   1642     19
-1.5081E+00   7.678458  -2.149001 -17.021155   0.336030  -9.000000   1.115449   0.000000   0.400729   0.019456  65.203115      5
 2.4721E+04   7.926506   2.962375  -3.905047 -69.435268  -3.871769   1.115442   0.038205   0.474628   1.000000 -0.122E-06        Lnuc_H
                               rel_E_err   -2.6334465067785321D-12
                       log_rel_run_E_err       -6.7553645601129819

 have finished burst
save LOGS/profile97.data for model 480
                                         solver retries          14
                                           Lnuc retries           5

                                    varcontrol dt limit          74
                                  max increase dt limit         194
                                        solver dt limit           2
                                        Lnuc_H dt limit           1
                                          Lnuc dt limit         137
                                           lgL dt limit          72

 model saved to final.mod
save photos/x480 for model 480
termination code: extras_check_model

                 runtime (minutes), retries, steps        7.22        19       480
__________________________________________________________________________________________________________________________________________________

       step    lg_Tmax     Teff     lg_LH      lg_Lnuc_tot     Mass       H_rich     H_cntr     N_cntr     Y_surf   eta_cntr   zones  retry
  lg_dt_yrs    lg_Tcntr    lg_R     lg_L3a     lg_Lneu     lg_Mdot    He_core    He_cntr    O_cntr     Z_surf   gam_cntr   iters  
    age_yrs    lg_Dcntr    lg_L     lg_LZ      lg_Lphoto   lg_Dsurf   CO_core    C_cntr     Ne_cntr    Z_cntr   v_div_cs       dt_limit
__________________________________________________________________________________________________________________________________________________

        480   7.831403  3.771E+05   1.501652   1.501654   1.115450   0.000001   0.000000   0.000000   0.331532 329.498689   1642     19
-1.5081E+00   7.678458  -2.149001 -17.021155   0.336030  -9.000000   1.115449   0.000000   0.400729   0.019456  65.203115      5
 2.4721E+04   7.926506   2.962375  -3.905047 -69.435268  -3.871769   1.115442   0.038205   0.474628   1.000000 -0.122E-06  max increase
                               rel_E_err   -2.6334465067785321D-12
                       log_rel_run_E_err       -6.7553645601129819

DATE: 2026-07-16
TIME: 16:17:18
finished inlist_wd_nova_burst_header
DATE: 2026-07-16
TIME: 16:17:18
finished inlists
